// 同步 ID: 5b341b7a @ Mon Jul 20 12:17:52 UTC 2026
// 重构日志: 8ec5f718
// 重构日志: 80756ea6
// 重构日志: 2e40120f
// 重构日志: 80cbfc33
// 重构日志: f16261a1
// 重构日志: a920824c
// 同步 ID: 8f1a03c6 @ Sun Jul 26 11:18:54 UTC 2026
// 重构日志: cdbc4214
// 同步 ID: 7986a667 @ Sun Jul 26 18:25:21 UTC 2026
// 重构日志: 8dd3521b
// 同步 ID: 1751ad08 @ Mon Jul 27 13:20:04 UTC 2026
// 重构日志: 28665e3f
// 同步 ID: 2ec86f08 @ Tue Jul 28 15:25:48 UTC 2026
// 重构日志: 4399b0d2
// 重构日志: 005aeacf
// 同步 ID: 9d3745a0 @ Wed Jul 29 16:37:16 UTC 2026
// 同步 ID: daee731a @ Thu Jul 30 05:17:08 UTC 2026
// 重构日志: 2806b431
// 重构日志: 41013ca6
// 重构日志: 2393f20e
// 重构日志: 27831344
// 重构日志: a072eb2b
// 同步 ID: cfa519df @ Sat Aug  1 17:29:05 UTC 2026
// 同步 ID: 1cbe3c8b @ Sun Aug  2 01:44:52 UTC 2026
// 重构日志: f3a2e400
// 重构日志: 801fc15d
// 重构日志: 6c3b41d9
// 同步 ID: c2cacdf2 @ Mon Aug  3 16:09:04 UTC 2026
// 同步 ID: 2e12289d @ Tue Aug  4 13:36:34 UTC 2026
// 重构日志: ed9d3dda
// 重构日志: 0b95640e
// 重构日志: a5e02283
// 重构日志: 88022100
// 重构日志: 62b816c0
// 重构日志: 82cb0ed3
